
NamPee@DESKTOP-NP3GF28 MINGW64 ~/Desktop/Learngit (master)
$ git clone https://github.com/phuongnam201/appbanhang.git
Cloning into 'appbanhang'...
remote: Enumerating objects: 3, done.
remote: Counting objects: 100% (3/3), done.
remote: Total 3 (delta 0), reused 0 (delta 0), pack-reused 0
Receiving objects: 100% (3/3), done.

NamPee@DESKTOP-NP3GF28 MINGW64 ~/Desktop/Learngit (master)
$ git init
Initialized empty Git repository in C:/Users/Admin/Desktop/Learngit/.git/

NamPee@DESKTOP-NP3GF28 MINGW64 ~/Desktop/Learngit (master)
$ git add .
warning: adding embedded git repository: appbanhang
hint: You've added another git repository inside your current repository.
hint: Clones of the outer repository will not contain the contents of
hint: the embedded repository and will not know how to obtain it.
hint: If you meant to add a submodule, use:
hint:
hint:   git submodule add <url> appbanhang
hint:
hint: If you added this path by mistake, you can remove it from the
hint: index with:
hint:
hint:   git rm --cached appbanhang
hint:
hint: See "git help submodule" for more information.

NamPee@DESKTOP-NP3GF28 MINGW64 ~/Desktop/Learngit (master)
$ git status
On branch master

No commits yet

Changes to be committed:
  (use "git rm --cached <file>..." to unstage)
        new file:   appbanhang
        new file:   gg.txt
        new file:   item_dienthoai.txt


NamPee@DESKTOP-NP3GF28 MINGW64 ~/Desktop/Learngit (master)
$ git add .

NamPee@DESKTOP-NP3GF28 MINGW64 ~/Desktop/Learngit (master)
$ git commit -m "First test"
[master (root-commit) 6815972] First test
 3 files changed, 125 insertions(+)
 create mode 160000 appbanhang
 create mode 100644 gg.txt
 create mode 100644 item_dienthoai.txt

NamPee@DESKTOP-NP3GF28 MINGW64 ~/Desktop/Learngit (master)
$ git remote add origin https://github.com/phuongnam201/appbanhang.git

NamPee@DESKTOP-NP3GF28 MINGW64 ~/Desktop/Learngit (master)
$ git push -u origin master
Enumerating objects: 4, done.
Counting objects: 100% (4/4), done.
Delta compression using up to 8 threads
Compressing objects: 100% (4/4), done.
Writing objects: 100% (4/4), 1.29 KiB | 1.29 MiB/s, done.
Total 4 (delta 0), reused 0 (delta 0), pack-reused 0
remote:
remote: Create a pull request for 'master' on GitHub by visiting:
remote:      https://github.com/phuongnam201/appbanhang/pull/new/master
remote:
To https://github.com/phuongnam201/appbanhang.git
 * [new branch]      master -> master
branch 'master' set up to track 'origin/master'.



//php
$result = array();

while ($row = mysqli_fetch_assoc($data)){
	$result[] = ($row);
}

if(!empty($result)) {

	$array = [ 
		'success' => true,
		'message' =>"thanh cong",
		'result' => $result
	];
}

else{
		$array = [ 
		'success' => false,
		'message' =>"that bai",
		'result' => $result
	];

}

print_r(json_encode($array));
 ?>